[subandgain.com/index.html]
[backblue.gif]
[fade.gif]
[index.html]
[subandgain.com/img/banner.jpg]
[subandgain.com/images/favicon.png]
[subandgain.com/cssm/bootstrap.min.css]
[subandgain.com/cssm/theme-plugins.css]
[subandgain.com/stylems.css]
[subandgain.com/cssm/responsive.css]
[subandgain.com/cssm/skin/skin3.css]
[connect.facebook.net/en_US/fbevents.js]
[subandgain.com/index-2.html]
[subandgain.com/images/subandgain-logo.jpg]
[subandgain.com/about_us.html]
[subandgain.com/faq.html]
[subandgain.com/contact.html]
[subandgain.com/how_it_works.html]
[subandgain.com/leader_board.html]
[subandgain.com/news.html]
[subandgain.com/APIDocs.html]
[subandgain.com/register.html]
[subandgain.com/login.html]
[subandgain.com/images/slider/first1.jpg]
[subandgain.com/images/slider/first2.jpg]
[subandgain.com/images/slider/first3.jpg]
[subandgain.com/images/partner/data.jpg]
[subandgain.com/images/partner/cable_tv.jpg]
[subandgain.com/images/partner/electric.jpg]
[subandgain.com/images/partner/aitime_vtu.jpg]
[subandgain.com/images/partner/Recharge-Card-Printing.png]
[subandgain.com/images/partner/waec_neco.jpg]
[subandgain.com/images/partner/getit-on-playstore.png]
[subandgain.com/images/refer.jpg]
[subandgain.com/referral_program.html]
[subandgain.com/images/leaderboard.png]
[subandgain.com/images/partner/9mobile.jpg]
[subandgain.com/images/partner/dstv.jpg]
[subandgain.com/images/partner/glo.jpg]
[subandgain.com/images/partner/gotv.png]
[subandgain.com/images/partner/neco.jpg]
[subandgain.com/images/partner/smile.jpg]
[subandgain.com/images/partner/startimes.jpg]
[subandgain.com/images/partner/waec.png]
[subandgain.com/images/subandgain.jpg]
[subandgain.com/privacy_policy.html]
[subandgain.com/images/whatsapp.svg]
[subandgain.com/jsm/jquery.min.js]
[subandgain.com/jsm/bootstrap.min.js]
[subandgain.com/jsm/modernizr.min.js]
[subandgain.com/jsm/tromas.js]
[subandgain.com/jsm/gmap.min.js]
[subandgain.com/jsm/main.js]
[subandgain.com/index.html]
[subandgain.com/cssm/bootstrap.min.css]
[subandgain.com/jsm/theme-plugins.js]
[subandgain.com/fonts/fontawesome-webfont3e6e3e6e.eot]
[subandgain.com/fonts/fontawesome-webfontd41dd41d.eot]
[subandgain.com/fonts/fontawesome-webfont3e6e3e6e.woff2]
[subandgain.com/fonts/fontawesome-webfont3e6e3e6e.woff]
[subandgain.com/fonts/fontawesome-webfont3e6e3e6e.ttf]
[subandgain.com/cssm/theme-plugins.css]
[subandgain.com/images/bread.jpg]
[subandgain.com/fonts/fontawesome-webfont3e6e3e6e.svg]
[subandgain.com/stylems.css]
[subandgain.com/cssm/responsive.css]
[subandgain.com/cssm/skin/skin3.css]
[connect.facebook.net/en_US/fbevents.js]
[subandgain.com/index-2.html]
[subandgain.com/images/subandgain_vtu.jpg]
[subandgain.com/about_us.html]
[subandgain.com/images/faq.png]
[subandgain.com/faq.html]
[subandgain.com/contact.html]
[subandgain.com/images/blog/refer_earn.png]
[subandgain.com/how_it_works.html]
[subandgain.com/leader_board.html]
[subandgain.com/images/make_money.jpg]
[subandgain.com/sag_income.html]
[subandgain.com/images/referral.jpg]
[subandgain.com/images/pv.jpg]
[subandgain.com/earn_pv.html]
[subandgain.com/news.html]
[subandgain.com/APICheckBalance.html]
[subandgain.com/APIAirtime.html]
[subandgain.com/APIBuyData.html]
[subandgain.com/APIBills.html]
[subandgain.com/APIEpin.html]
[subandgain.com/APIElectricity.html]
[subandgain.com/APIEducation.html]
[subandgain.com/APIDocs.html]
[www.subandgain.com/css/bootstrap.min.css]
[subandgain.com/css/bootstrap.css]
[subandgain.com/css/bootstrap-grid.css]
[subandgain.com/css/bootstrap-grid.min.css]
[subandgain.com/css/bootstrap-reboot.css]
[subandgain.com/css/bootstrap-reboot.min.css]
[subandgain.com/css/font-awesome.min.css]
[subandgain.com/css/pe-icon-7-stroke.css]
[subandgain.com/css/owl.carousel.css]
[subandgain.com/css/magnific-popup.css]
[subandgain.com/css/meanmenu.css]
[www.subandgain.com/styles.css]
[subandgain.com/css/responsive.css]
[subandgain.com/css/animation.css]
[subandgain.com/img/subandgain-logo.jpg]
[subandgain.com/js/vendor/modernizr-2.8.3.min.js]
[subandgain.com/js/vendor/jquery-1.12.0.min.js]
[subandgain.com/js/bootstrap.min.js]
[subandgain.com/js/bootstrap.js]
[subandgain.com/js/jquery.meanmenu.js]
[subandgain.com/js/owl.carousel.min.js]
[subandgain.com/js/bootstrap.bundle.min.js]
[subandgain.com/js/jquery.mixitup.min.js]
[subandgain.com/js/jquery.magnific-popup.min.js]
[subandgain.com/js/bootstrap.bundle.js]
[subandgain.com/js/jquery.counterup.min.js]
[subandgain.com/js/waypoints.min.js]
[subandgain.com/js/plugins.js]
[subandgain.com/js/main.js]
[subandgain.com/register.html]
[subandgain.com/forgot_pass.html]
[subandgain.com/login.html]
[subandgain.com/referral_program.html]
[subandgain.com/privacy_policy.html]
[subandgain.com/images/whatsapp.svg]
[subandgain.com/www.codeglim.com/templates/tromas/img/cbp-sprite.html]
[subandgain.com/images/bx_loader.html]
[subandgain.com/www.codeglim.com/templates/tromas/css/images/controls.html]
[subandgain.com/fonts/fontawesome-webfont3e6e3e6e.svg]
[subandgain.com/www.codeglim.com/templates/tromas/css/owl.video.play.html]
[subandgain.com/images/slider/layer1.html]
[subandgain.com/images/slider/layer2.html]
[subandgain.com/images/slider/layer3.html]
[subandgain.com/images/slider/layer4.html]
[subandgain.com/www.codeglim.com/templates/tromas/images/slider/layer5.html]
[subandgain.com/images/why-choose.html]
[subandgain.com/images/statics.html]
[subandgain.com/images/newslatter-bg.html]
[subandgain.com/images/call-to-action.html]
[subandgain.com/images/coming-soon.html]
[subandgain.com/images/footer-bg.html]
[subandgain.com/c.html]
[subandgain.com/b.html]
[subandgain.com/POST.html]
[subandgain.com/how_it-works.html]
[subandgain.com/sag_income.html]
[subandgain.com/earn_pv.html]
[subandgain.com/APICheckBalance.html]
[subandgain.com/APIAirtime.html]
[subandgain.com/APIBuyData.html]
[subandgain.com/APIBills.html]
[subandgain.com/APIEpin.html]
[subandgain.com/APIElectricity.html]
[subandgain.com/APIEducation.html]
[subandgain.com/img/sag.html]
[www.subandgain.com/css/bootstrap.min.css]
[subandgain.com/css/bootstrap.css]
[subandgain.com/css/bootstrap-grid.css]
[subandgain.com/css/bootstrap-grid.min.css]
[subandgain.com/css/bootstrap-reboot.css]
[subandgain.com/css/bootstrap-reboot.min.css]
[subandgain.com/fonts/fontawesome-webfont3e6e.eot]
[subandgain.com/fonts/fontawesome-webfontd41d.eot]
[subandgain.com/fonts/fontawesome-webfont3e6e.woff2]
[subandgain.com/fonts/fontawesome-webfont3e6e.woff]
[subandgain.com/fonts/fontawesome-webfont3e6e.ttf]
[subandgain.com/fonts/fontawesome-webfont3e6e.svg]
[subandgain.com/css/font-awesome.min.css]
[subandgain.com/fonts/Pe-icon-7-strokebb1d.eot]
[subandgain.com/fonts/Pe-icon-7-stroked41d.eot]
[subandgain.com/fonts/Pe-icon-7-strokebb1d.woff]
[subandgain.com/fonts/Pe-icon-7-strokebb1d.ttf]
[subandgain.com/fonts/Pe-icon-7-strokebb1d.svg]
[subandgain.com/css/pe-icon-7-stroke.css]
[subandgain.com/css/owl.carousel.css]
[subandgain.com/css/magnific-popup.css]
[subandgain.com/css/meanmenu.css]
[www.subandgain.com/img/bread.jpg]
[www.subandgain.com/styles.css]
[subandgain.com/css/responsive.css]
[subandgain.com/css/animation.css]
[subandgain.com/forgot_pass.html]
[subandgain.com/fonts/fontawesome-webfont3e6e.svg]
[subandgain.com/fonts/Pe-icon-7-strokebb1d.svg]
[subandgain.com/css/owl.video.play.html]
[www.subandgain.com/img/bg/2.html]
